// Jest Snapshot v1, https://goo.gl/fbAQLP

exports[`should verify snapshot 1`] = `
<DocumentFragment>
  <div
    class="MuiBox-root css-eeo3ga"
    id="skills-section"
  >
    <h3
      class="MuiTypography-root MuiTypography-h3 MuiTypography-gutterBottom css-1oe6gg4-MuiTypography-root"
    >
      Skills
    </h3>
    <div
      class="MuiPaper-root MuiPaper-outlined MuiPaper-rounded MuiCard-root css-p86gk6-MuiPaper-root-MuiCard-root"
    >
      <div
        class="MuiCardContent-root css-46bh2p-MuiCardContent-root"
      >
        <h5
          class="MuiTypography-root MuiTypography-h5 css-1invrju-MuiTypography-root"
        >
          Front-End
        </h5>
        <hr
          class="MuiDivider-root MuiDivider-fullWidth css-ctpjxq-MuiDivider-root"
        />
        <div
          class="MuiGrid-root MuiGrid-container MuiGrid-spacing-xs-2 css-mhc70k-MuiGrid-root"
        >
          <div
            class="MuiGrid-root MuiGrid-item MuiGrid-grid-xs-6 MuiGrid-grid-sm-4 MuiGrid-grid-lg-2 css-126zddl-MuiGrid-root"
          >
            <div
              class="MuiBox-root css-1cojkpq"
            >
              <picture>
                <source
                  srcset=""
                  type="image/webp"
                />
                <source
                  srcset="test-file-stub"
                  type="image/jpeg"
                />
                <img
                  alt="Ember JS logo"
                  src="test-file-stub"
                  style="max-width: 100px; max-height: 100px;"
                />
              </picture>
            </div>
            <p
              class="MuiTypography-root MuiTypography-body1 css-1uwgr7b-MuiTypography-root"
            >
              Ember JS
            </p>
          </div>
          <div
            class="MuiGrid-root MuiGrid-item MuiGrid-grid-xs-6 MuiGrid-grid-sm-4 MuiGrid-grid-lg-2 css-126zddl-MuiGrid-root"
          >
            <div
              class="MuiBox-root css-1cojkpq"
            >
              <picture>
                <source
                  srcset="test-file-stub"
                  type="image/webp"
                />
                <source
                  srcset="test-file-stub"
                  type="image/jpeg"
                />
                <img
                  alt="Angular 9 logo"
                  src="test-file-stub"
                  style="max-width: 100px; max-height: 100px;"
                />
              </picture>
            </div>
            <p
              class="MuiTypography-root MuiTypography-body1 css-1uwgr7b-MuiTypography-root"
            >
              Angular 9
            </p>
          </div>
          <div
            class="MuiGrid-root MuiGrid-item MuiGrid-grid-xs-6 MuiGrid-grid-sm-4 MuiGrid-grid-lg-2 css-126zddl-MuiGrid-root"
          >
            <div
              class="MuiBox-root css-1cojkpq"
            >
              <picture>
                <source
                  srcset="test-file-stub"
                  type="image/webp"
                />
                <source
                  srcset="test-file-stub"
                  type="image/jpeg"
                />
                <img
                  alt="HTML5 logo"
                  src="test-file-stub"
                  style="max-width: 100px; max-height: 100px;"
                />
              </picture>
            </div>
            <p
              class="MuiTypography-root MuiTypography-body1 css-1uwgr7b-MuiTypography-root"
            >
              HTML5
            </p>
          </div>
          <div
            class="MuiGrid-root MuiGrid-item MuiGrid-grid-xs-6 MuiGrid-grid-sm-4 MuiGrid-grid-lg-2 css-126zddl-MuiGrid-root"
          >
            <div
              class="MuiBox-root css-1cojkpq"
            >
              <picture>
                <source
                  srcset="test-file-stub"
                  type="image/webp"
                />
                <source
                  srcset="test-file-stub"
                  type="image/jpeg"
                />
                <img
                  alt="CSS3 logo"
                  src="test-file-stub"
                  style="max-width: 100px; max-height: 100px;"
                />
              </picture>
            </div>
            <p
              class="MuiTypography-root MuiTypography-body1 css-1uwgr7b-MuiTypography-root"
            >
              CSS3
            </p>
          </div>
          <div
            class="MuiGrid-root MuiGrid-item MuiGrid-grid-xs-6 MuiGrid-grid-sm-4 MuiGrid-grid-lg-2 css-126zddl-MuiGrid-root"
          >
            <div
              class="MuiBox-root css-1cojkpq"
            >
              <picture>
                <source
                  srcset="test-file-stub"
                  type="image/webp"
                />
                <source
                  srcset="test-file-stub"
                  type="image/jpeg"
                />
                <img
                  alt="SASS logo"
                  src="test-file-stub"
                  style="max-width: 100px; max-height: 100px;"
                />
              </picture>
            </div>
            <p
              class="MuiTypography-root MuiTypography-body1 css-1uwgr7b-MuiTypography-root"
            >
              SASS
            </p>
          </div>
          <div
            class="MuiGrid-root MuiGrid-item MuiGrid-grid-xs-6 MuiGrid-grid-sm-4 MuiGrid-grid-lg-2 css-126zddl-MuiGrid-root"
          >
            <div
              class="MuiBox-root css-1cojkpq"
            >
              <picture>
                <source
                  srcset="test-file-stub"
                  type="image/webp"
                />
                <source
                  srcset="test-file-stub"
                  type="image/jpeg"
                />
                <img
                  alt="Material Design logo"
                  src="test-file-stub"
                  style="max-width: 100px; max-height: 100px;"
                />
              </picture>
            </div>
            <p
              class="MuiTypography-root MuiTypography-body1 css-1uwgr7b-MuiTypography-root"
            >
              Material Design
            </p>
          </div>
          <div
            class="MuiGrid-root MuiGrid-item MuiGrid-grid-xs-6 MuiGrid-grid-sm-4 MuiGrid-grid-lg-2 css-126zddl-MuiGrid-root"
          >
            <div
              class="MuiBox-root css-1cojkpq"
            >
              <picture>
                <source
                  srcset="test-file-stub"
                  type="image/webp"
                />
                <source
                  srcset="test-file-stub"
                  type="image/jpeg"
                />
                <img
                  alt="Boostrap logo"
                  src="test-file-stub"
                  style="max-width: 100px; max-height: 100px;"
                />
              </picture>
            </div>
            <p
              class="MuiTypography-root MuiTypography-body1 css-1uwgr7b-MuiTypography-root"
            >
              Boostrap
            </p>
          </div>
        </div>
      </div>
    </div>
    <div
      class="MuiPaper-root MuiPaper-outlined MuiPaper-rounded MuiCard-root css-p86gk6-MuiPaper-root-MuiCard-root"
    >
      <div
        class="MuiCardContent-root css-46bh2p-MuiCardContent-root"
      >
        <h5
          class="MuiTypography-root MuiTypography-h5 css-1invrju-MuiTypography-root"
        >
          Back-End
        </h5>
        <hr
          class="MuiDivider-root MuiDivider-fullWidth css-ctpjxq-MuiDivider-root"
        />
        <div
          class="MuiGrid-root MuiGrid-container MuiGrid-spacing-xs-2 css-mhc70k-MuiGrid-root"
        >
          <div
            class="MuiGrid-root MuiGrid-item MuiGrid-grid-xs-6 MuiGrid-grid-sm-4 MuiGrid-grid-lg-2 css-126zddl-MuiGrid-root"
          >
            <div
              class="MuiBox-root css-1cojkpq"
            >
              <picture>
                <source
                  srcset="test-file-stub"
                  type="image/webp"
                />
                <source
                  srcset="test-file-stub"
                  type="image/jpeg"
                />
                <img
                  alt="Spring Boot logo"
                  src="test-file-stub"
                  style="max-width: 100px; max-height: 100px;"
                />
              </picture>
            </div>
            <p
              class="MuiTypography-root MuiTypography-body1 css-1uwgr7b-MuiTypography-root"
            >
              Spring Boot
            </p>
          </div>
          <div
            class="MuiGrid-root MuiGrid-item MuiGrid-grid-xs-6 MuiGrid-grid-sm-4 MuiGrid-grid-lg-2 css-126zddl-MuiGrid-root"
          >
            <div
              class="MuiBox-root css-1cojkpq"
            >
              <picture>
                <source
                  srcset="test-file-stub"
                  type="image/webp"
                />
                <source
                  srcset="test-file-stub"
                  type="image/jpeg"
                />
                <img
                  alt="Spring Framework logo"
                  src="test-file-stub"
                  style="max-width: 100px; max-height: 100px;"
                />
              </picture>
            </div>
            <p
              class="MuiTypography-root MuiTypography-body1 css-1uwgr7b-MuiTypography-root"
            >
              Spring Framework
            </p>
          </div>
          <div
            class="MuiGrid-root MuiGrid-item MuiGrid-grid-xs-6 MuiGrid-grid-sm-4 MuiGrid-grid-lg-2 css-126zddl-MuiGrid-root"
          >
            <div
              class="MuiBox-root css-1cojkpq"
            >
              <picture>
                <source
                  srcset="test-file-stub"
                  type="image/webp"
                />
                <source
                  srcset="test-file-stub"
                  type="image/jpeg"
                />
                <img
                  alt="Ruby On Rails logo"
                  src="test-file-stub"
                  style="max-width: 100px; max-height: 100px;"
                />
              </picture>
            </div>
            <p
              class="MuiTypography-root MuiTypography-body1 css-1uwgr7b-MuiTypography-root"
            >
              Ruby On Rails
            </p>
          </div>
        </div>
      </div>
    </div>
    <div
      class="MuiPaper-root MuiPaper-outlined MuiPaper-rounded MuiCard-root css-p86gk6-MuiPaper-root-MuiCard-root"
    >
      <div
        class="MuiCardContent-root css-46bh2p-MuiCardContent-root"
      >
        <h5
          class="MuiTypography-root MuiTypography-h5 css-1invrju-MuiTypography-root"
        >
          Testing Frameworks
        </h5>
        <hr
          class="MuiDivider-root MuiDivider-fullWidth css-ctpjxq-MuiDivider-root"
        />
        <div
          class="MuiGrid-root MuiGrid-container MuiGrid-spacing-xs-2 css-mhc70k-MuiGrid-root"
        >
          <div
            class="MuiGrid-root MuiGrid-item MuiGrid-grid-xs-6 MuiGrid-grid-sm-4 MuiGrid-grid-lg-2 css-126zddl-MuiGrid-root"
          >
            <div
              class="MuiBox-root css-1cojkpq"
            >
              <picture>
                <source
                  srcset="test-file-stub"
                  type="image/webp"
                />
                <source
                  srcset="test-file-stub"
                  type="image/jpeg"
                />
                <img
                  alt="JUnit 5 logo"
                  src="test-file-stub"
                  style="max-width: 100px; max-height: 100px;"
                />
              </picture>
            </div>
            <p
              class="MuiTypography-root MuiTypography-body1 css-1uwgr7b-MuiTypography-root"
            >
              JUnit 5
            </p>
          </div>
          <div
            class="MuiGrid-root MuiGrid-item MuiGrid-grid-xs-6 MuiGrid-grid-sm-4 MuiGrid-grid-lg-2 css-126zddl-MuiGrid-root"
          >
            <div
              class="MuiBox-root css-1cojkpq"
            >
              <picture>
                <source
                  srcset="test-file-stub"
                  type="image/webp"
                />
                <source
                  srcset="test-file-stub"
                  type="image/jpeg"
                />
                <img
                  alt="Mockito logo"
                  src="test-file-stub"
                  style="max-width: 100px; max-height: 100px;"
                />
              </picture>
            </div>
            <p
              class="MuiTypography-root MuiTypography-body1 css-1uwgr7b-MuiTypography-root"
            >
              Mockito
            </p>
          </div>
        </div>
      </div>
    </div>
    <div
      class="MuiPaper-root MuiPaper-outlined MuiPaper-rounded MuiCard-root css-p86gk6-MuiPaper-root-MuiCard-root"
    >
      <div
        class="MuiCardContent-root css-46bh2p-MuiCardContent-root"
      >
        <h5
          class="MuiTypography-root MuiTypography-h5 css-1invrju-MuiTypography-root"
        >
          Programming Languages
        </h5>
        <hr
          class="MuiDivider-root MuiDivider-fullWidth css-ctpjxq-MuiDivider-root"
        />
        <div
          class="MuiGrid-root MuiGrid-container MuiGrid-spacing-xs-2 css-mhc70k-MuiGrid-root"
        >
          <div
            class="MuiGrid-root MuiGrid-item MuiGrid-grid-xs-6 MuiGrid-grid-sm-4 MuiGrid-grid-lg-2 css-126zddl-MuiGrid-root"
          >
            <div
              class="MuiBox-root css-1cojkpq"
            >
              <picture>
                <source
                  srcset="test-file-stub"
                  type="image/webp"
                />
                <source
                  srcset="test-file-stub"
                  type="image/jpeg"
                />
                <img
                  alt="Java 8 logo"
                  src="test-file-stub"
                  style="max-width: 100px; max-height: 100px;"
                />
              </picture>
            </div>
            <p
              class="MuiTypography-root MuiTypography-body1 css-1uwgr7b-MuiTypography-root"
            >
              Java 8
            </p>
          </div>
          <div
            class="MuiGrid-root MuiGrid-item MuiGrid-grid-xs-6 MuiGrid-grid-sm-4 MuiGrid-grid-lg-2 css-126zddl-MuiGrid-root"
          >
            <div
              class="MuiBox-root css-1cojkpq"
            >
              <picture>
                <source
                  srcset="test-file-stub"
                  type="image/webp"
                />
                <source
                  srcset="test-file-stub"
                  type="image/jpeg"
                />
                <img
                  alt="Ruby logo"
                  src="test-file-stub"
                  style="max-width: 100px; max-height: 100px;"
                />
              </picture>
            </div>
            <p
              class="MuiTypography-root MuiTypography-body1 css-1uwgr7b-MuiTypography-root"
            >
              Ruby
            </p>
          </div>
          <div
            class="MuiGrid-root MuiGrid-item MuiGrid-grid-xs-6 MuiGrid-grid-sm-4 MuiGrid-grid-lg-2 css-126zddl-MuiGrid-root"
          >
            <div
              class="MuiBox-root css-1cojkpq"
            >
              <picture>
                <source
                  srcset="test-file-stub"
                  type="image/webp"
                />
                <source
                  srcset="test-file-stub"
                  type="image/jpeg"
                />
                <img
                  alt="JavaScript logo"
                  src="test-file-stub"
                  style="max-width: 100px; max-height: 100px;"
                />
              </picture>
            </div>
            <p
              class="MuiTypography-root MuiTypography-body1 css-1uwgr7b-MuiTypography-root"
            >
              JavaScript
            </p>
          </div>
          <div
            class="MuiGrid-root MuiGrid-item MuiGrid-grid-xs-6 MuiGrid-grid-sm-4 MuiGrid-grid-lg-2 css-126zddl-MuiGrid-root"
          >
            <div
              class="MuiBox-root css-1cojkpq"
            >
              <picture>
                <source
                  srcset="test-file-stub"
                  type="image/webp"
                />
                <source
                  srcset="test-file-stub"
                  type="image/jpeg"
                />
                <img
                  alt="TypeScript logo"
                  src="test-file-stub"
                  style="max-width: 100px; max-height: 100px;"
                />
              </picture>
            </div>
            <p
              class="MuiTypography-root MuiTypography-body1 css-1uwgr7b-MuiTypography-root"
            >
              TypeScript
            </p>
          </div>
        </div>
      </div>
    </div>
    <div
      class="MuiPaper-root MuiPaper-outlined MuiPaper-rounded MuiCard-root css-p86gk6-MuiPaper-root-MuiCard-root"
    >
      <div
        class="MuiCardContent-root css-46bh2p-MuiCardContent-root"
      >
        <h5
          class="MuiTypography-root MuiTypography-h5 css-1invrju-MuiTypography-root"
        >
          Mobile
        </h5>
        <hr
          class="MuiDivider-root MuiDivider-fullWidth css-ctpjxq-MuiDivider-root"
        />
        <div
          class="MuiGrid-root MuiGrid-container MuiGrid-spacing-xs-2 css-mhc70k-MuiGrid-root"
        >
          <div
            class="MuiGrid-root MuiGrid-item MuiGrid-grid-xs-6 MuiGrid-grid-sm-4 MuiGrid-grid-lg-2 css-126zddl-MuiGrid-root"
          >
            <div
              class="MuiBox-root css-1cojkpq"
            >
              <picture>
                <source
                  srcset="test-file-stub"
                  type="image/webp"
                />
                <source
                  srcset="test-file-stub"
                  type="image/jpeg"
                />
                <img
                  alt="Android Development logo"
                  src="test-file-stub"
                  style="max-width: 100px; max-height: 100px;"
                />
              </picture>
            </div>
            <p
              class="MuiTypography-root MuiTypography-body1 css-1uwgr7b-MuiTypography-root"
            >
              Android Development
            </p>
          </div>
        </div>
      </div>
    </div>
    <div
      class="MuiPaper-root MuiPaper-outlined MuiPaper-rounded MuiCard-root css-p86gk6-MuiPaper-root-MuiCard-root"
    >
      <div
        class="MuiCardContent-root css-46bh2p-MuiCardContent-root"
      >
        <h5
          class="MuiTypography-root MuiTypography-h5 css-1invrju-MuiTypography-root"
        >
          Databases
        </h5>
        <hr
          class="MuiDivider-root MuiDivider-fullWidth css-ctpjxq-MuiDivider-root"
        />
        <div
          class="MuiGrid-root MuiGrid-container MuiGrid-spacing-xs-2 css-mhc70k-MuiGrid-root"
        >
          <div
            class="MuiGrid-root MuiGrid-item MuiGrid-grid-xs-6 MuiGrid-grid-sm-4 MuiGrid-grid-lg-2 css-126zddl-MuiGrid-root"
          >
            <div
              class="MuiBox-root css-1cojkpq"
            >
              <picture>
                <source
                  srcset="test-file-stub"
                  type="image/webp"
                />
                <source
                  srcset="test-file-stub"
                  type="image/jpeg"
                />
                <img
                  alt="MySQL logo"
                  src="test-file-stub"
                  style="max-width: 100px; max-height: 100px;"
                />
              </picture>
            </div>
            <p
              class="MuiTypography-root MuiTypography-body1 css-1uwgr7b-MuiTypography-root"
            >
              MySQL
            </p>
          </div>
          <div
            class="MuiGrid-root MuiGrid-item MuiGrid-grid-xs-6 MuiGrid-grid-sm-4 MuiGrid-grid-lg-2 css-126zddl-MuiGrid-root"
          >
            <div
              class="MuiBox-root css-1cojkpq"
            >
              <picture>
                <source
                  srcset="test-file-stub"
                  type="image/webp"
                />
                <source
                  srcset="test-file-stub"
                  type="image/jpeg"
                />
                <img
                  alt="Redis logo"
                  src="test-file-stub"
                  style="max-width: 100px; max-height: 100px;"
                />
              </picture>
            </div>
            <p
              class="MuiTypography-root MuiTypography-body1 css-1uwgr7b-MuiTypography-root"
            >
              Redis
            </p>
          </div>
        </div>
      </div>
    </div>
    <div
      class="MuiPaper-root MuiPaper-outlined MuiPaper-rounded MuiCard-root css-p86gk6-MuiPaper-root-MuiCard-root"
    >
      <div
        class="MuiCardContent-root css-46bh2p-MuiCardContent-root"
      >
        <h5
          class="MuiTypography-root MuiTypography-h5 css-1invrju-MuiTypography-root"
        >
          Cloud
        </h5>
        <hr
          class="MuiDivider-root MuiDivider-fullWidth css-ctpjxq-MuiDivider-root"
        />
        <div
          class="MuiGrid-root MuiGrid-container MuiGrid-spacing-xs-2 css-mhc70k-MuiGrid-root"
        >
          <div
            class="MuiGrid-root MuiGrid-item MuiGrid-grid-xs-6 MuiGrid-grid-sm-4 MuiGrid-grid-lg-2 css-126zddl-MuiGrid-root"
          >
            <div
              class="MuiBox-root css-1cojkpq"
            >
              <picture>
                <source
                  srcset="test-file-stub"
                  type="image/webp"
                />
                <source
                  srcset="test-file-stub"
                  type="image/jpeg"
                />
                <img
                  alt="Google Cloud logo"
                  src="test-file-stub"
                  style="max-width: 100px; max-height: 100px;"
                />
              </picture>
            </div>
            <p
              class="MuiTypography-root MuiTypography-body1 css-1uwgr7b-MuiTypography-root"
            >
              Google Cloud
            </p>
          </div>
          <div
            class="MuiGrid-root MuiGrid-item MuiGrid-grid-xs-6 MuiGrid-grid-sm-4 MuiGrid-grid-lg-2 css-126zddl-MuiGrid-root"
          >
            <div
              class="MuiBox-root css-1cojkpq"
            >
              <picture>
                <source
                  srcset="test-file-stub"
                  type="image/webp"
                />
                <source
                  srcset="test-file-stub"
                  type="image/jpeg"
                />
                <img
                  alt="Microsoft Azure logo"
                  src="test-file-stub"
                  style="max-width: 100px; max-height: 100px;"
                />
              </picture>
            </div>
            <p
              class="MuiTypography-root MuiTypography-body1 css-1uwgr7b-MuiTypography-root"
            >
              Microsoft Azure
            </p>
          </div>
          <div
            class="MuiGrid-root MuiGrid-item MuiGrid-grid-xs-6 MuiGrid-grid-sm-4 MuiGrid-grid-lg-2 css-126zddl-MuiGrid-root"
          >
            <div
              class="MuiBox-root css-1cojkpq"
            >
              <picture>
                <source
                  srcset="test-file-stub"
                  type="image/webp"
                />
                <source
                  srcset="test-file-stub"
                  type="image/jpeg"
                />
                <img
                  alt="Firebase logo"
                  src="test-file-stub"
                  style="max-width: 100px; max-height: 100px;"
                />
              </picture>
            </div>
            <p
              class="MuiTypography-root MuiTypography-body1 css-1uwgr7b-MuiTypography-root"
            >
              Firebase
            </p>
          </div>
        </div>
      </div>
    </div>
    <div
      class="MuiPaper-root MuiPaper-outlined MuiPaper-rounded MuiCard-root css-p86gk6-MuiPaper-root-MuiCard-root"
    >
      <div
        class="MuiCardContent-root css-46bh2p-MuiCardContent-root"
      >
        <h5
          class="MuiTypography-root MuiTypography-h5 css-1invrju-MuiTypography-root"
        >
          DevOps Tools
        </h5>
        <hr
          class="MuiDivider-root MuiDivider-fullWidth css-ctpjxq-MuiDivider-root"
        />
        <div
          class="MuiGrid-root MuiGrid-container MuiGrid-spacing-xs-2 css-mhc70k-MuiGrid-root"
        >
          <div
            class="MuiGrid-root MuiGrid-item MuiGrid-grid-xs-6 MuiGrid-grid-sm-4 MuiGrid-grid-lg-2 css-126zddl-MuiGrid-root"
          >
            <div
              class="MuiBox-root css-1cojkpq"
            >
              <picture>
                <source
                  srcset="test-file-stub"
                  type="image/webp"
                />
                <source
                  srcset="test-file-stub"
                  type="image/jpeg"
                />
                <img
                  alt="Docker logo"
                  src="test-file-stub"
                  style="max-width: 100px; max-height: 100px;"
                />
              </picture>
            </div>
            <p
              class="MuiTypography-root MuiTypography-body1 css-1uwgr7b-MuiTypography-root"
            >
              Docker
            </p>
          </div>
        </div>
      </div>
    </div>
    <div
      class="MuiPaper-root MuiPaper-outlined MuiPaper-rounded MuiCard-root css-p86gk6-MuiPaper-root-MuiCard-root"
    >
      <div
        class="MuiCardContent-root css-46bh2p-MuiCardContent-root"
      >
        <h5
          class="MuiTypography-root MuiTypography-h5 css-1invrju-MuiTypography-root"
        >
          Other
        </h5>
        <hr
          class="MuiDivider-root MuiDivider-fullWidth css-ctpjxq-MuiDivider-root"
        />
        <div
          class="MuiGrid-root MuiGrid-container MuiGrid-spacing-xs-2 css-mhc70k-MuiGrid-root"
        >
          <div
            class="MuiGrid-root MuiGrid-item MuiGrid-grid-xs-6 MuiGrid-grid-sm-4 MuiGrid-grid-lg-2 css-126zddl-MuiGrid-root"
          >
            <div
              class="MuiBox-root css-1cojkpq"
            >
              <svg
                aria-hidden="true"
                class="MuiSvgIcon-root MuiSvgIcon-fontSizeMedium css-1u10onu-MuiSvgIcon-root"
                data-testid="GitHubIcon"
                focusable="false"
                viewBox="0 0 24 24"
              >
                <path
                  d="M12 1.27a11 11 0 00-3.48 21.46c.55.09.73-.28.73-.55v-1.84c-3.03.64-3.67-1.46-3.67-1.46-.55-1.29-1.28-1.65-1.28-1.65-.92-.65.1-.65.1-.65 1.1 0 1.73 1.1 1.73 1.1.92 1.65 2.57 1.2 3.21.92a2 2 0 01.64-1.47c-2.47-.27-5.04-1.19-5.04-5.5 0-1.1.46-2.1 1.2-2.84a3.76 3.76 0 010-2.93s.91-.28 3.11 1.1c1.8-.49 3.7-.49 5.5 0 2.1-1.38 3.02-1.1 3.02-1.1a3.76 3.76 0 010 2.93c.83.74 1.2 1.74 1.2 2.94 0 4.21-2.57 5.13-5.04 5.4.45.37.82.92.82 2.02v3.03c0 .27.1.64.73.55A11 11 0 0012 1.27"
                />
              </svg>
            </div>
            <p
              class="MuiTypography-root MuiTypography-body1 css-1uwgr7b-MuiTypography-root"
            >
              Github
            </p>
          </div>
          <div
            class="MuiGrid-root MuiGrid-item MuiGrid-grid-xs-6 MuiGrid-grid-sm-4 MuiGrid-grid-lg-2 css-126zddl-MuiGrid-root"
          >
            <div
              class="MuiBox-root css-1cojkpq"
            >
              <picture>
                <source
                  srcset="test-file-stub"
                  type="image/webp"
                />
                <source
                  srcset="test-file-stub"
                  type="image/jpeg"
                />
                <img
                  alt="Kibana logo"
                  src="test-file-stub"
                  style="max-width: 100px; max-height: 100px;"
                />
              </picture>
            </div>
            <p
              class="MuiTypography-root MuiTypography-body1 css-1uwgr7b-MuiTypography-root"
            >
              Kibana
            </p>
          </div>
        </div>
      </div>
    </div>
  </div>
</DocumentFragment>
`;
